-- start_ignore
-- end_ignore
-- @description query01 for PXF test to check fragments distribution across segments with HDFS profile
SELECT * FROM fragment_distribution_hdfs_limit_ext_table ORDER BY 1 LIMIT 5;
 id | descr
----+-------
  1 | text1
  1 | text1
  1 | text1
  1 | text1
  1 | text1
(5 rows)

