-- start_ignore
-- end_ignore
-- @description query01 for PXF test to check fragments distribution across segments with HDFS profile using improved-round-robin policy when fragment count is more
-- than segment count but not equal to an even number of segments.
SELECT * FROM fd_improved_round_robin_more_hdfs_ext_table ORDER BY 1;
 id | descr
----+-------
  1 | text1
  2 | text2
  3 | text3
  4 | text4
  5 | text5
  6 | text6
  7 | text7
  8 | text8
(8 rows)
