-- start_ignore
-- end_ignore
-- @description query02 for PXF test json - readable table
SELECT * FROM json_read_ext_table ORDER BY 1;
 id |                                                                                                    data_jsonb                                                                                                    |                  data_json
----+------------------------------------------------------------------------------------------------------------------------------------------------------------------------------------------------------------------+---------------------------------------------
  1 | {"title": "Sleeping Beauties", "genres": ["Fiction", "Thriller", "Horror"], "readers": {"USA": {"Chicago": 15, "Houston": 25, "New York": 25}, "Russia": {"Moscow": 10, "Novosibirsk": 20}}, "published": false} | [{"follower": 10}, {"names": "Kate, Jhon"}]
  2 |                                                                                                                                                                                                                  | [{"follower": 15}, {"names": "Bob, Barby"}]
  3 | {"title": "Influence", "genres": ["Marketing & Sales", "Self-Help ", "Psychology"], "published": true}                                                                                                           |
  4 | {"title": "The Dictator''s Handbook", "genres": ["Law", "Politics"], "authors": ["Bruce Bueno de Mesquita", "Alastair Smith"], "published": true}                                                                |
  5 | {"title": "Deep Work", "genres": ["Productivity", "Reference"], "published": true}                                                                                                                               |
  6 | {"title": "Siddhartha", "genres": ["Fiction", "Spirituality"], "published": true}                                                                                                                                |
(6 rows)