-- start_ignore
-- end_ignore
-- @description query01 for PXF test to check fragments distribution across segments with JDBC profile
SELECT * FROM fragment_distribution_jdbc_ext_table ORDER BY 1;
 id | descr
----+-------
  1 | text1
  2 | text2
  3 | text3
  4 | text4
  5 | text5
  6 | text6
  7 | text7
  8 | text8
  9 | text9
  10 | text10
  11 | text11
  12 | text12
  13 | text13
  14 | text14
  15 | text15
  16 | text16
  17 | text17
  18 | text18
  19 | text19
  20 | text20
(20 rows)

